==============================================================================
testDemo6 :: To validate the Login form                                       
==============================================================================
Validate UnSuccesful Login                                            | PASS |
------------------------------------------------------------------------------
testDemo6 :: To validate the Login form                               | PASS |
1 test, 1 passed, 0 failed
==============================================================================
Output:  C:\Users\laura.cabezas\Documents\TAE Training\Robot_Framework\RobotFramework_practise\tests\pabot_results\0\output.xml
